mika@yabumikanoMacBook-Air git_challenge % pwd
/Users/mika/git_challenge
 parent directories): .git
mika@yabumikanoMacBook-Air git_challenge % pwd
/Users/mika/git_challenge
mika@yabumikanoMacBook-Air git_challenge %  ls
hello_world.txt
mika@yabumikanoMacBook-Air git_challenge % git init
Initialized empty Git repository in /Users/mika/git_challenge/.git/
mika@yabumikanoMacBook-Air git_challenge % git add hello_world.txt
mika@yabumikanoMacBook-Air git_challenge % git commit -m"最初のコミット"
[main (root-commit) f8f7246] 最初のコミット
 1 file changed, 1 insertion(+)
 create mode 100644 hello_world.txt
mika@yabumikanoMacBook-Air git_challenge % git status
On branch main
Untracked files:
  (use "git add <file>..." to include in what will be committed)
        .DS_Store

nothing added to commit but untracked files present (use "git add" to track)
mika@yabumikanoMacBook-Air git_challenge % pwd
/Users/mika/git_challenge
mika@yabumikanoMacBook-Air git_challenge % ls
hello_world.txt
mika@yabumikanoMacBook-Air git_challenge % git add hello_world.txt
mika@yabumikanoMacBook-Air git_challenge % git commit -m"日本語訳を追記"
[main f8e72b2] 日本語訳を追記
 1 file changed, 1 insertion(+)
mika@yabumikanoMacBook-Air git_challenge % git log --oneline
f8e72b2 (HEAD -> main) 日本語訳を追記
f8f7246 最初のコミット
mika@yabumikanoMacBook-Air git_challenge % 

